Microchip MPLAB XC8 Compiler V2.32

Linker command line:

-W-3 --edf=C:\Program Files\Microchip\xc8\v2.32\pic\dat\en_msgs.txt -cn \
  -h+dist/default/production\garaje.X.production.sym \
  --cmf=dist/default/production\garaje.X.production.cmf -z -Q16F1938 \
  -oC:\Users\Mareus\AppData\Local\Temp\xcAscpg.4 --defsym=__MPLAB_BUILD=1 \
  -Mdist/default/production/garaje.X.production.map -E1 -ver=XC8 Compiler \
  --acfsm=1493 -ASTACK=0209Ah-023EFh -pstack=STACK -ACODE=00h-07FFhx8 \
  -ASTRCODE=00h-03FFFh -ASTRING=00h-0FFhx64 -ACONST=00h-0FFhx64 \
  -AENTRY=00h-0FFhx64 -ACOMMON=070h-07Fh -ABANK0=020h-06Fh \
  -ABANK1=0A0h-0EFh -ABANK2=0120h-016Fh -ABANK3=01A0h-01EFh \
  -ABANK4=0220h-026Fh -ABANK5=02A0h-02EFh -ABANK6=0320h-036Fh \
  -ABANK7=03A0h-03EFh -ABANK8=0420h-046Fh -ABANK9=04A0h-04EFh \
  -ABANK10=0520h-056Fh -ABANK11=05A0h-05EFh -ABANK12=0620h-064Fh \
  -ABIGRAM=02000h-023EFh \
  -ARAM=020h-06Fh,0A0h-0EFh,0120h-016Fh,01A0h-01EFh,0220h-026Fh,02A0h-02EFh,0320h-036Fh,03A0h-03EFh,0420h-046Fh,04A0h-04EFh,0520h-056Fh,05A0h-05EFh,0620h-064Fh \
  -AABS1=020h-07Fh,0A0h-0EFh,0120h-016Fh,01A0h-01EFh,0220h-026Fh,02A0h-02EFh,0320h-036Fh,03A0h-03EFh,0420h-046Fh,04A0h-04EFh,0520h-056Fh,05A0h-05EFh,0620h-064Fh \
  -ASFR0=00h-01Fh -ASFR1=080h-09Fh -ASFR2=0100h-011Fh -ASFR3=0180h-019Fh \
  -ASFR4=0200h-021Fh -ASFR5=0280h-029Fh -ASFR6=0300h-031Fh \
  -ASFR7=0380h-039Fh -ASFR8=0400h-041Fh -ASFR9=0480h-049Fh \
  -ASFR10=0500h-051Fh -ASFR11=0580h-059Fh -ASFR12=0600h-061Fh \
  -ASFR13=0680h-06EFh -ASFR14=0700h-076Fh -ASFR15=0780h-07EFh \
  -ASFR16=0800h-086Fh -ASFR17=0880h-08EFh -ASFR18=0900h-096Fh \
  -ASFR19=0980h-09EFh -ASFR20=0A00h-0A6Fh -ASFR21=0A80h-0AEFh \
  -ASFR22=0B00h-0B6Fh -ASFR23=0B80h-0BEFh -ASFR24=0C00h-0C6Fh \
  -ASFR25=0C80h-0CEFh -ASFR26=0D00h-0D6Fh -ASFR27=0D80h-0DEFh \
  -ASFR28=0E00h-0E6Fh -ASFR29=0E80h-0EEFh -ASFR30=0F00h-0F6Fh \
  -ASFR31=0F80h-0FEFh -ACONFIG=08007h-08008h -DCONFIG=2 \
  -AIDLOC=08000h-08003h -DIDLOC=2 -AEEDATA=00h-0FFh/0F000h \
  -peeprom_data=EEDATA -DEEDATA=2 -DCODE=2 -DSTRCODE=2 -DSTRING=2 -DCONST=2 \
  -DENTRY=2 -preset_vec=00h,intentry,init,end_init -ppowerup=CODE \
  -pcinit=CODE -pfunctab=ENTRY -k \
  C:\Users\Mareus\AppData\Local\Temp\xcAscpg.o \
  dist/default/production\garaje.X.production.o 

Object code version is 3.11

Machine type is 16F1938



                Name                               Link     Load   Length Selector   Space Scale
C:\Users\Mareus\AppData\Local\Temp\xcAscpg.o
                end_init                              2        2        2        0       0
                reset_vec                             0        0        2        0       0
                config                             8007     8007        2        0       4
dist/default/production\garaje.X.production.o
                cinit                               7E9      7E9       17      FD2       0
                config                             8007     8007        2        0       4
                text22                              F74      F74        6     1EE8       0
                text21                              F7A      F7A        6     1EF4       0
                text20                              F80      F80        6     1F00       0
                text19                               23       23       22       46       0
                text18                              F98      F98        7     1F30       0
                text17                              FD0      FD0       17     1FA0       0
                text16                                5        5        4        A       0
                text15                              FB1      FB1        D     1F62       0
                text14                              327      327      101      64E       0
                text13                              23D      23D       EA      47A       0
                text12                                9        9       1A       12       0
                text11                              FA7      FA7        A     1F4E       0
                text10                              F86      F86        6     1F0C       0
                text9                                CA       CA       3F      194       0
                text8                                45       45       28       8A       0
                text7                               FE7      FE7       19     1FCE       0
                text6                               109      109       59      212       0
                text5                               428      428      16E      850       0
                text4                               162      162       DB      2C4       0
                text3                                99       99       31      132       0
                text2                               FBE      FBE       12     1F7C       0
                text1                               596      596      253      B2C       0
                maintext                             6D       6D       2C       DA       0
                cstackBANK0                          20       20       50       20       1
                cstackCOMMON                         70       70        E       70       1
                clrtext                             F8C      F8C        6     1F18       0
                inittext                            F92      F92        6     1F24       0
                dataBANK1                            DC       DC        8       A0       1
                bssBANK1                             A0       A0       3C       A0       1
                stringtext6                        1036     1036        5     2000       0
                stringtext5                        102D     102D        9     2000       0
                stringtext4                        1023     1023        A     2000       0
                stringtext3                        1019     1019        A     2000       0
                stringtext2                        100E     100E        B     2000       0
                stringtext1                        1000     1000        E     2000       0
                nvBANK1                              E4       E4        6       A0       1
                idataBANK1                          F9F      F9F        8     1F3E       0

TOTAL           Name                               Link     Load   Length     Space
        CLASS   STACK          

        CLASS   CODE           
                end_init                              2        2        2         0
                cinit                               7E9      7E9       17         0
                reset_vec                             0        0        2         0
                text22                              F74      F74        6         0
                text21                              F7A      F7A        6         0
                text20                              F80      F80        6         0
                text19                               23       23       22         0
                text18                              F98      F98        7         0
                text17                              FD0      FD0       17         0
                text16                                5        5        4         0
                text15                              FB1      FB1        D         0
                text14                              327      327      101         0
                text13                              23D      23D       EA         0
                text12                                9        9       1A         0
                text11                              FA7      FA7        A         0
                text10                              F86      F86        6         0
                text9                                CA       CA       3F         0
                text8                                45       45       28         0
                text7                               FE7      FE7       19         0
                text6                               109      109       59         0
                text5                               428      428      16E         0
                text4                               162      162       DB         0
                text3                                99       99       31         0
                text2                               FBE      FBE       12         0
                text1                               596      596      253         0
                maintext                             6D       6D       2C         0
                clrtext                             F8C      F8C        6         0
                inittext                            F92      F92        6         0
                idataBANK1                          F9F      F9F        8         0

        CLASS   STRCODE        
                stringtext6                        1036     1036        5         0
                stringtext5                        102D     102D        9         0
                stringtext4                        1023     1023        A         0
                stringtext3                        1019     1019        A         0
                stringtext2                        100E     100E        B         0
                stringtext1                        1000     1000        E         0

        CLASS   STRING         

        CLASS   CONST          

        CLASS   ENTRY          

        CLASS   COMMON         
                cstackCOMMON                         70       70        E         1

        CLASS   BANK0          
                cstackBANK0                          20       20       50         1

        CLASS   BANK1          
                dataBANK1                            DC       DC        8         1
                bssBANK1                             A0       A0       3C         1
                nvBANK1                              E4       E4        6         1

        CLASS   BANK2          

        CLASS   BANK3          

        CLASS   BANK4          

        CLASS   BANK5          

        CLASS   BANK6          

        CLASS   BANK7          

        CLASS   BANK8          

        CLASS   BANK9          

        CLASS   BANK10         

        CLASS   BANK11         

        CLASS   BANK12         

        CLASS   BIGRAM         

        CLASS   RAM            

        CLASS   ABS1           
                abs_s1                               7E       7E        2         1

        CLASS   SFR0           

        CLASS   SFR1           

        CLASS   SFR2           

        CLASS   SFR3           

        CLASS   SFR4           

        CLASS   SFR5           

        CLASS   SFR6           

        CLASS   SFR7           

        CLASS   SFR8           

        CLASS   SFR9           

        CLASS   SFR10          

        CLASS   SFR11          

        CLASS   SFR12          

        CLASS   SFR13          

        CLASS   SFR14          

        CLASS   SFR15          

        CLASS   SFR16          

        CLASS   SFR17          

        CLASS   SFR18          

        CLASS   SFR19          

        CLASS   SFR20          

        CLASS   SFR21          

        CLASS   SFR22          

        CLASS   SFR23          

        CLASS   SFR24          

        CLASS   SFR25          

        CLASS   SFR26          

        CLASS   SFR27          

        CLASS   SFR28          

        CLASS   SFR29          

        CLASS   SFR30          

        CLASS   SFR31          

        CLASS   CONFIG         
                config                             8007     8007        2         4

        CLASS   IDLOC          

        CLASS   EEDATA         

        CLASS   BANK31         

        CLASS   BANK30         

        CLASS   BANK29         

        CLASS   BANK28         

        CLASS   BANK27         

        CLASS   BANK26         

        CLASS   BANK25         

        CLASS   BANK24         

        CLASS   BANK23         

        CLASS   BANK22         

        CLASS   BANK21         

        CLASS   BANK20         

        CLASS   BANK19         

        CLASS   BANK18         

        CLASS   BANK17         

        CLASS   BANK16         

        CLASS   BANK15         

        CLASS   BANK14         

        CLASS   BANK13         



SEGMENTS        Name                           Load    Length   Top    Selector   Space  Class     Delta

                reset_vec                      000000  000004  000004         0       0  CODE        2
                text16                         000005  000004  000009         A       0  CODE        2
                text12                         000009  00001A  000023        12       0  CODE        2
                cstackBANK0                    000020  000050  000070        20       1  BANK0       1
                text19                         000023  000022  000045        46       0  CODE        2
                cstackCOMMON                   000070  00000E  00007E        70       1  COMMON      1
                text8                          000045  000028  00006D        8A       0  CODE        2
                bssBANK1                       0000A0  00004A  0000EA        A0       1  BANK1       1
                maintext                       00006D  00002C  000099        DA       0  CODE        2
                text3                          000099  000031  0000CA       132       0  CODE        2
                text9                          0000CA  00003F  000109       194       0  CODE        2
                text6                          000109  000059  000162       212       0  CODE        2
                text4                          000162  0000DB  00023D       2C4       0  CODE        2
                text13                         00023D  0000EA  000327       47A       0  CODE        2
                text14                         000327  000101  000428       64E       0  CODE        2
                text5                          000428  00016E  000596       850       0  CODE        2
                text1                          000596  000253  0007E9       B2C       0  CODE        2
                cinit                          0007E9  000017  000800       FD2       0  CODE        2
                text22                         000F74  000006  000F7A      1EE8       0  CODE        2
                text21                         000F7A  000006  000F80      1EF4       0  CODE        2
                text20                         000F80  000006  000F86      1F00       0  CODE        2
                text10                         000F86  000006  000F8C      1F0C       0  CODE        2
                clrtext                        000F8C  000006  000F92      1F18       0  CODE        2
                inittext                       000F92  000006  000F98      1F24       0  CODE        2
                text18                         000F98  000007  000F9F      1F30       0  CODE        2
                idataBANK1                     000F9F  000008  000FA7      1F3E       0  CODE        2
                text11                         000FA7  00000A  000FB1      1F4E       0  CODE        2
                text15                         000FB1  00000D  000FBE      1F62       0  CODE        2
                text2                          000FBE  000012  000FD0      1F7C       0  CODE        2
                text17                         000FD0  000017  000FE7      1FA0       0  CODE        2
                text7                          000FE7  000019  001000      1FCE       0  CODE        2
                stringtext1                    001000  00003B  00103B      2000       0  STRCODE     2


UNUSED ADDRESS RANGES

        Name                Unused          Largest block    Delta
        BANK1            000EA-000EF               6           1
        BANK10           00520-0056F              50           1
        BANK11           005A0-005EF              50           1
        BANK12           00620-0064F              30           1
        BANK2            00120-0016F              50           1
        BANK3            001A0-001EF              50           1
        BANK4            00220-0026F              50           1
        BANK5            002A0-002EF              50           1
        BANK6            00320-0036F              50           1
        BANK7            003A0-003EF              50           1
        BANK8            00420-0046F              50           1
        BANK9            004A0-004EF              50           1
        BIGRAM           02000-023EF             3F0           1
        CODE             00004-00004               1           2
                         00800-00F73             774
                         0103B-03FFF             800
        CONST            00004-00004               1           2
                         00800-00F73             100
                         0103B-03FFF             100
        EEDATA           0F000-0F0FF             100           2
        ENTRY            00004-00004               1           2
                         00800-00F73             100
                         0103B-03FFF             100
        IDLOC            08000-08003               4           2
        RAM              000EA-000EF               6           1
                         00120-0016F              50
                         001A0-001EF              50
                         00220-0026F              50
                         002A0-002EF              50
                         00320-0036F              50
                         003A0-003EF              50
                         00420-0046F              50
                         004A0-004EF              50
                         00520-0056F              50
                         005A0-005EF              50
                         00620-0064F              30
        SFR0             00000-0001F              20           1
        SFR1             00080-0009F              20           1
        SFR10            00500-0051F              20           1
        SFR11            00580-0059F              20           1
        SFR12            00600-0061F              20           1
        SFR13            00680-006EF              70           1
        SFR14            00700-0076F              70           1
        SFR15            00780-007EF              70           1
        SFR16            00800-0086F              70           1
        SFR17            00880-008EF              70           1
        SFR18            00900-0096F              70           1
        SFR19            00980-009EF              70           1
        SFR2             00100-0011F              20           1
        SFR20            00A00-00A6F              70           1
        SFR21            00A80-00AEF              70           1
        SFR22            00B00-00B6F              70           1
        SFR23            00B80-00BEF              70           1
        SFR24            00C00-00C6F              70           1
        SFR25            00C80-00CEF              70           1
        SFR26            00D00-00D6F              70           1
        SFR27            00D80-00DEF              70           1
        SFR28            00E00-00E6F              70           1
        SFR29            00E80-00EEF              70           1
        SFR3             00180-0019F              20           1
        SFR30            00F00-00F6F              70           1
        SFR31            00F80-00FEF              70           1
        SFR4             00200-0021F              20           1
        SFR5             00280-0029F              20           1
        SFR6             00300-0031F              20           1
        SFR7             00380-0039F              20           1
        SFR8             00400-0041F              20           1
        SFR9             00480-0049F              20           1
        STACK            0209A-023EF             356           1
        STRCODE          00004-00004               1           2
                         00800-00F73             774
                         0103B-03FFF            2FC5
        STRING           00004-00004               1           2
                         00800-00F73             100
                         0103B-03FFF             100

                                  Symbol Table

?___aodiv                                      cstackBANK0  00020
?___aomod                                      cstackBANK0  00020
?_abs                                          cstackCOMMON 00073
?_dtoa                                         cstackBANK0  00030
?_pad                                          cstackBANK0  00024
?_printf                                       cstackBANK0  00066
?_strlen                                       cstackCOMMON 00070
?_vfpfcnvrt                                    cstackBANK0  0004E
?_vfprintf                                     cstackBANK0  0005E
EUSART_SetErrorHandler@interruptHandler        cstackCOMMON 00070
EUSART_SetFramingErrorHandler@interruptHandler cstackCOMMON 00070
EUSART_SetOverrunErrorHandler@interruptHandler cstackCOMMON 00070
EUSART_Write@txData                            cstackCOMMON 00070
_ANSELA                                        (abs)        0018C
_ANSELB                                        (abs)        0018D
_APFCON                                        (abs)        0011D
_BAUDCON                                       (abs)        0019F
_BORCON                                        (abs)        00116
_EUSART_DefaultErrorHandler                    (abs)        00000
_EUSART_DefaultFramingErrorHandler             (abs)        00000
_EUSART_DefaultOverrunErrorHandler             (abs)        00000
_EUSART_ErrorHandler                           nvBANK1      000E4
_EUSART_FramingErrorHandler                    nvBANK1      000E8
_EUSART_Initialize                             text19       00023
_EUSART_OverrunErrorHandler                    nvBANK1      000E6
_EUSART_SetErrorHandler                        text22       00F74
_EUSART_SetFramingErrorHandler                 text21       00F7A
_EUSART_SetOverrunErrorHandler                 text20       00F80
_EUSART_Write                                  text11       00FA7
_LATA                                          (abs)        0010C
_LATB                                          (abs)        0010D
_LATC                                          (abs)        0010E
_LATE                                          (abs)        00110
_OPTION_REGbits                                (abs)        00095
_OSCCON                                        (abs)        00099
_OSCILLATOR_Initialize                         text18       00F98
_OSCTUNE                                       (abs)        00098
_PIN_MANAGER_Initialize                        text17       00FD0
_PIR1bits                                      (abs)        00011
_PORTB                                         (abs)        0000D
_RA0                                           (abs)        00060
_RA1                                           (abs)        00061
_RA2                                           (abs)        00062
_RA3                                           (abs)        00063
_RB0                                           (abs)        00068
_RB1                                           (abs)        00069
_RB2                                           (abs)        0006A
_RB3                                           (abs)        0006B
_RB4                                           (abs)        0006C
_RCREG                                         (abs)        00199
_RCSTA                                         (abs)        0019D
_RCSTAbits                                     (abs)        0019D
_SPBRGH                                        (abs)        0019C
_SPBRGL                                        (abs)        0019B
_SYSTEM_Initialize                             text15       00FB1
_TRISA                                         (abs)        0008C
_TRISB                                         (abs)        0008D
_TRISC                                         (abs)        0008E
_TRISE                                         (abs)        00090
_TXREG                                         (abs)        0019A
_TXSTA                                         (abs)        0019E
_TXSTAbits                                     (abs)        0019E
_WDTCON                                        (abs)        00097
_WDT_Initialize                                text16       00005
_WPUB                                          (abs)        0020D
_WPUE                                          (abs)        00210
__Habs1                                        abs1         00000
__Hbank0                                       bank0        00000
__Hbank1                                       bank1        00000
__Hbank10                                      bank10       00000
__Hbank11                                      bank11       00000
__Hbank12                                      bank12       00000
__Hbank13                                      bank13       00000
__Hbank14                                      bank14       00000
__Hbank15                                      bank15       00000
__Hbank16                                      bank16       00000
__Hbank17                                      bank17       00000
__Hbank18                                      bank18       00000
__Hbank19                                      bank19       00000
__Hbank2                                       bank2        00000
__Hbank20                                      bank20       00000
__Hbank21                                      bank21       00000
__Hbank22                                      bank22       00000
__Hbank23                                      bank23       00000
__Hbank24                                      bank24       00000
__Hbank25                                      bank25       00000
__Hbank26                                      bank26       00000
__Hbank27                                      bank27       00000
__Hbank28                                      bank28       00000
__Hbank29                                      bank29       00000
__Hbank3                                       bank3        00000
__Hbank30                                      bank30       00000
__Hbank31                                      bank31       00000
__Hbank4                                       bank4        00000
__Hbank5                                       bank5        00000
__Hbank6                                       bank6        00000
__Hbank7                                       bank7        00000
__Hbank8                                       bank8        00000
__Hbank9                                       bank9        00000
__Hbigram                                      bigram       00000
__HbssBANK1                                    bssBANK1     00000
__Hcinit                                       cinit        00800
__Hclrtext                                     clrtext      00000
__Hcode                                        code         00000
__Hcommon                                      common       00000
__Hconfig                                      config       08009
__HcstackBANK0                                 cstackBANK0  00000
__HcstackCOMMON                                cstackCOMMON 00000
__HdataBANK1                                   dataBANK1    00000
__Heeprom_data                                 eeprom_data  00000
__Hend_init                                    end_init     00004
__Hfunctab                                     functab      00000
__HidataBANK1                                  idataBANK1   00000
__Hinit                                        init         00002
__Hinittext                                    inittext     00000
__Hintentry                                    intentry     00002
__Hmaintext                                    maintext     00000
__HnvBANK1                                     nvBANK1      00000
__Hpowerup                                     powerup      00000
__Hram                                         ram          00000
__Hreset_vec                                   reset_vec    00002
__Hsfr0                                        sfr0         00000
__Hsfr1                                        sfr1         00000
__Hsfr10                                       sfr10        00000
__Hsfr11                                       sfr11        00000
__Hsfr12                                       sfr12        00000
__Hsfr13                                       sfr13        00000
__Hsfr14                                       sfr14        00000
__Hsfr15                                       sfr15        00000
__Hsfr16                                       sfr16        00000
__Hsfr17                                       sfr17        00000
__Hsfr18                                       sfr18        00000
__Hsfr19                                       sfr19        00000
__Hsfr2                                        sfr2         00000
__Hsfr20                                       sfr20        00000
__Hsfr21                                       sfr21        00000
__Hsfr22                                       sfr22        00000
__Hsfr23                                       sfr23        00000
__Hsfr24                                       sfr24        00000
__Hsfr25                                       sfr25        00000
__Hsfr26                                       sfr26        00000
__Hsfr27                                       sfr27        00000
__Hsfr28                                       sfr28        00000
__Hsfr29                                       sfr29        00000
__Hsfr3                                        sfr3         00000
__Hsfr30                                       sfr30        00000
__Hsfr31                                       sfr31        00000
__Hsfr4                                        sfr4         00000
__Hsfr5                                        sfr5         00000
__Hsfr6                                        sfr6         00000
__Hsfr7                                        sfr7         00000
__Hsfr8                                        sfr8         00000
__Hsfr9                                        sfr9         00000
__Hspace_0                                     (abs)        0103B
__Hspace_1                                     (abs)        000EA
__Hspace_2                                     (abs)        00000
__Hspace_3                                     (abs)        00000
__Hspace_4                                     (abs)        10010
__Hstack                                       stack        00000
__Hstrings                                     strings      00000
__Hstringtext1                                 stringtext1  00000
__Hstringtext2                                 stringtext2  00000
__Hstringtext3                                 stringtext3  00000
__Hstringtext4                                 stringtext4  00000
__Hstringtext5                                 stringtext5  00000
__Hstringtext6                                 stringtext6  00000
__Hstringtext7                                 stringtext7  00000
__Htext                                        text         00000
__Labs1                                        abs1         00000
__Lbank0                                       bank0        00000
__Lbank1                                       bank1        00000
__Lbank10                                      bank10       00000
__Lbank11                                      bank11       00000
__Lbank12                                      bank12       00000
__Lbank13                                      bank13       00000
__Lbank14                                      bank14       00000
__Lbank15                                      bank15       00000
__Lbank16                                      bank16       00000
__Lbank17                                      bank17       00000
__Lbank18                                      bank18       00000
__Lbank19                                      bank19       00000
__Lbank2                                       bank2        00000
__Lbank20                                      bank20       00000
__Lbank21                                      bank21       00000
__Lbank22                                      bank22       00000
__Lbank23                                      bank23       00000
__Lbank24                                      bank24       00000
__Lbank25                                      bank25       00000
__Lbank26                                      bank26       00000
__Lbank27                                      bank27       00000
__Lbank28                                      bank28       00000
__Lbank29                                      bank29       00000
__Lbank3                                       bank3        00000
__Lbank30                                      bank30       00000
__Lbank31                                      bank31       00000
__Lbank4                                       bank4        00000
__Lbank5                                       bank5        00000
__Lbank6                                       bank6        00000
__Lbank7                                       bank7        00000
__Lbank8                                       bank8        00000
__Lbank9                                       bank9        00000
__Lbigram                                      bigram       00000
__LbssBANK1                                    bssBANK1     00000
__Lcinit                                       cinit        007E9
__Lclrtext                                     clrtext      00000
__Lcode                                        code         00000
__Lcommon                                      common       00000
__Lconfig                                      config       00000
__LcstackBANK0                                 cstackBANK0  00000
__LcstackCOMMON                                cstackCOMMON 00000
__LdataBANK1                                   dataBANK1    00000
__Leeprom_data                                 eeprom_data  00000
__Lend_init                                    end_init     00002
__Lfunctab                                     functab      00000
__LidataBANK1                                  idataBANK1   00000
__Linit                                        init         00002
__Linittext                                    inittext     00000
__Lintentry                                    intentry     00002
__Lmaintext                                    maintext     00000
__LnvBANK1                                     nvBANK1      00000
__Lpowerup                                     powerup      00000
__Lram                                         ram          00000
__Lreset_vec                                   reset_vec    00000
__Lsfr0                                        sfr0         00000
__Lsfr1                                        sfr1         00000
__Lsfr10                                       sfr10        00000
__Lsfr11                                       sfr11        00000
__Lsfr12                                       sfr12        00000
__Lsfr13                                       sfr13        00000
__Lsfr14                                       sfr14        00000
__Lsfr15                                       sfr15        00000
__Lsfr16                                       sfr16        00000
__Lsfr17                                       sfr17        00000
__Lsfr18                                       sfr18        00000
__Lsfr19                                       sfr19        00000
__Lsfr2                                        sfr2         00000
__Lsfr20                                       sfr20        00000
__Lsfr21                                       sfr21        00000
__Lsfr22                                       sfr22        00000
__Lsfr23                                       sfr23        00000
__Lsfr24                                       sfr24        00000
__Lsfr25                                       sfr25        00000
__Lsfr26                                       sfr26        00000
__Lsfr27                                       sfr27        00000
__Lsfr28                                       sfr28        00000
__Lsfr29                                       sfr29        00000
__Lsfr3                                        sfr3         00000
__Lsfr30                                       sfr30        00000
__Lsfr31                                       sfr31        00000
__Lsfr4                                        sfr4         00000
__Lsfr5                                        sfr5         00000
__Lsfr6                                        sfr6         00000
__Lsfr7                                        sfr7         00000
__Lsfr8                                        sfr8         00000
__Lsfr9                                        sfr9         00000
__Lspace_0                                     (abs)        00000
__Lspace_1                                     (abs)        00000
__Lspace_2                                     (abs)        00000
__Lspace_3                                     (abs)        00000
__Lspace_4                                     (abs)        00000
__Lstack                                       stack        00000
__Lstrings                                     strings      00000
__Lstringtext1                                 stringtext1  00000
__Lstringtext2                                 stringtext2  00000
__Lstringtext3                                 stringtext3  00000
__Lstringtext4                                 stringtext4  00000
__Lstringtext5                                 stringtext5  00000
__Lstringtext6                                 stringtext6  00000
__Lstringtext7                                 stringtext7  00000
__Ltext                                        text         00000
__S0                                           (abs)        0103B
__S1                                           (abs)        000EA
__S2                                           (abs)        00000
__S3                                           (abs)        00000
___aodiv                                       text14       00327
___aodiv@counter                               cstackCOMMON 00071
___aodiv@dividend                              cstackBANK0  00028
___aodiv@divisor                               cstackBANK0  00020
___aodiv@quotient                              cstackCOMMON 00073
___aodiv@sign                                  cstackCOMMON 00072
___aomod                                       text13       0023D
___aomod@counter                               cstackCOMMON 00071
___aomod@dividend                              cstackBANK0  00028
___aomod@divisor                               cstackBANK0  00020
___aomod@sign                                  cstackCOMMON 00072
___int_sp                                      stack        00000
___latbits                                     (abs)        00003
___sp                                          stack        00000
___stackhi                                     (abs)        023EF
___stacklo                                     (abs)        0209A
__end_of_EUSART_Initialize                     text19       00045
__end_of_EUSART_SetErrorHandler                text22       00F7A
__end_of_EUSART_SetFramingErrorHandler         text21       00F80
__end_of_EUSART_SetOverrunErrorHandler         text20       00F86
__end_of_EUSART_Write                          text11       00FB1
__end_of_OSCILLATOR_Initialize                 text18       00F9F
__end_of_PIN_MANAGER_Initialize                text17       00FE7
__end_of_SYSTEM_Initialize                     text15       00FBE
__end_of_WDT_Initialize                        text16       00009
__end_of___aodiv                               text14       00428
__end_of___aomod                               text13       00327
__end_of__initialization                       cinit        007FD
__end_of_abs                                   text12       00023
__end_of_dtoa                                  text5        00596
__end_of_fputc                                 text9        00109
__end_of_fputs                                 text8        0006D
__end_of_main                                  maintext     00099
__end_of_maquina                               text1        007E9
__end_of_pad                                   text6        00162
__end_of_printf                                text2        00FD0
__end_of_putch                                 text10       00F8C
__end_of_strlen                                text7        01000
__end_of_vfpfcnvrt                             text4        0023D
__end_of_vfprintf                              text3        000CA
__initialization                               cinit        007E9
__pbssBANK1                                    bssBANK1     000A0
__pcstackBANK0                                 cstackBANK0  00020
__pcstackCOMMON                                cstackCOMMON 00070
__pdataBANK1                                   dataBANK1    000DC
__pidataBANK1                                  idataBANK1   00F9F
__pmaintext                                    maintext     0006D
__pnvBANK1                                     nvBANK1      000E4
__pstringtext1                                 stringtext1  01000
__pstringtext2                                 stringtext2  0100E
__pstringtext3                                 stringtext3  01019
__pstringtext4                                 stringtext4  01023
__pstringtext5                                 stringtext5  0102D
__pstringtext6                                 stringtext6  01036
__pstringtext7                                 stringtext7  00000
__ptext1                                       text1        00596
__ptext10                                      text10       00F86
__ptext11                                      text11       00FA7
__ptext12                                      text12       00009
__ptext13                                      text13       0023D
__ptext14                                      text14       00327
__ptext15                                      text15       00FB1
__ptext16                                      text16       00005
__ptext17                                      text17       00FD0
__ptext18                                      text18       00F98
__ptext19                                      text19       00023
__ptext2                                       text2        00FBE
__ptext20                                      text20       00F80
__ptext21                                      text21       00F7A
__ptext22                                      text22       00F74
__ptext3                                       text3        00099
__ptext4                                       text4        00162
__ptext5                                       text5        00428
__ptext6                                       text6        00109
__ptext7                                       text7        00FE7
__ptext8                                       text8        00045
__ptext9                                       text9        000CA
__size_of_EUSART_Initialize                    (abs)        00000
__size_of_EUSART_SetErrorHandler               (abs)        00000
__size_of_EUSART_SetFramingErrorHandler        (abs)        00000
__size_of_EUSART_SetOverrunErrorHandler        (abs)        00000
__size_of_EUSART_Write                         (abs)        00000
__size_of_OSCILLATOR_Initialize                (abs)        00000
__size_of_PIN_MANAGER_Initialize               (abs)        00000
__size_of_SYSTEM_Initialize                    (abs)        00000
__size_of_WDT_Initialize                       (abs)        00000
__size_of___aodiv                              (abs)        00000
__size_of___aomod                              (abs)        00000
__size_of_abs                                  (abs)        00000
__size_of_dtoa                                 (abs)        00000
__size_of_fputc                                (abs)        00000
__size_of_fputs                                (abs)        00000
__size_of_main                                 (abs)        00000
__size_of_maquina                              (abs)        00000
__size_of_pad                                  (abs)        00000
__size_of_printf                               (abs)        00000
__size_of_putch                                (abs)        00000
__size_of_strlen                               (abs)        00000
__size_of_vfpfcnvrt                            (abs)        00000
__size_of_vfprintf                             (abs)        00000
_abs                                           text12       00009
_cont                                          bssBANK1     000B8
_cont2                                         bssBANK1     000B4
_dato1                                         bssBANK1     000AC
_dato2                                         dataBANK1    000E2
_dato3                                         bssBANK1     000B0
_dato4                                         dataBANK1    000DE
_datoant1                                      bssBANK1     000AA
_datoant2                                      dataBANK1    000E0
_datoant3                                      bssBANK1     000AE
_datoant4                                      dataBANK1    000DC
_dbuf                                          bssBANK1     000BC
_dtoa                                          text5        00428
_dtoa$884                                      cstackBANK0  0003B
_eusartRxLastError                             bssBANK1     000BB
_flags                                         bssBANK1     000A6
_fputc                                         text9        000CA
_fputs                                         text8        00045
_i                                             bssBANK1     000A8
_main                                          maintext     0006D
_maquina                                       text1        00596
_nout                                          bssBANK1     000A0
_pad                                           text6        00109
_prec                                          bssBANK1     000A4
_printf                                        text2        00FBE
_putch                                         text10       00F86
_strlen                                        text7        00FE7
_vfpfcnvrt                                     text4        00162
_vfprintf                                      text3        00099
_width                                         bssBANK1     000A2
_x                                             bssBANK1     000B6
_x2                                            bssBANK1     000B2
abs@a                                          cstackCOMMON 00073
btemp                                          (abs)        0007E
clear_ram0                                     clrtext      00F8C
dtoa@d                                         cstackBANK0  00030
dtoa@fp                                        cstackBANK0  0003F
dtoa@i                                         cstackBANK0  0004C
dtoa@n                                         cstackBANK0  00044
dtoa@p                                         cstackBANK0  0003D
dtoa@s                                         cstackBANK0  00042
dtoa@w                                         cstackBANK0  00040
end_of_initialization                          cinit        007FD
fputc@c                                        cstackCOMMON 00072
fputc@fp                                       cstackCOMMON 00074
fputs@c                                        cstackBANK0  00020
fputs@fp                                       cstackCOMMON 0007A
fputs@i                                        cstackBANK0  00021
fputs@s                                        cstackBANK0  00023
init_ram                                       inittext     00F92
intlevel0                                      functab      00000
intlevel1                                      functab      00000
intlevel2                                      functab      00000
intlevel3                                      functab      00000
intlevel4                                      functab      00000
intlevel5                                      functab      00000
maquina@caso                                   bssBANK1     000BA
pad@buf                                        cstackBANK0  00024
pad@fp                                         cstackBANK0  0002C
pad@i                                          cstackBANK0  00028
pad@p                                          cstackBANK0  00025
pad@w                                          cstackBANK0  0002A
printf@ap                                      cstackBANK0  0006B
printf@fmt                                     cstackBANK0  00066
putch@txData                                   cstackCOMMON 00071
reset_vec                                      reset_vec    00000
start                                          init         00002
start_initialization                           cinit        007E9
strlen@a                                       cstackCOMMON 00073
strlen@s                                       cstackCOMMON 00074
vfpfcnvrt@ap                                   cstackBANK0  0004F
vfpfcnvrt@fmt                                  cstackBANK0  0004E
vfpfcnvrt@fp                                   cstackBANK0  0005D
vfpfcnvrt@ll                                   cstackBANK0  00055
vfprintf@ap                                    cstackBANK0  00060
vfprintf@cfmt                                  cstackBANK0  00064
vfprintf@fmt                                   cstackBANK0  0005E
vfprintf@fp                                    cstackBANK0  00063
wtemp0                                         (abs)        0007E


MODULE INFORMATION

Module		Function		Class		Link	Load	Size
C:\Program Files\Microchip\xc8\v2.32\pic\sources\c99\common\doprnt.c
		_vfpfcnvrt     		CODE           	0162	0000	219
		_pad           		CODE           	0109	0000	89
		_dtoa          		CODE           	0428	0000	366
		_vfprintf      		CODE           	0099	0000	49

C:\Program Files\Microchip\xc8\v2.32\pic\sources\c99\common\doprnt.c estimated size: 723

libreria_config.c
		_maquina       		CODE           	0596	0000	595

libreria_config.c estimated size: 595

mcc_generated_files/pin_manager.c
		_PIN_MANAGER_Initialize		CODE           	0FD0	0000	23

mcc_generated_files/pin_manager.c estimated size: 23

C:\Program Files\Microchip\xc8\v2.32\pic\sources\c99\common\nf_fputs.c
		_fputs         		CODE           	0045	0000	40

C:\Program Files\Microchip\xc8\v2.32\pic\sources\c99\common\nf_fputs.c estimated size: 40

C:\Program Files\Microchip\xc8\v2.32\pic\sources\c99\common\abs.c
		_abs           		CODE           	0009	0000	26

C:\Program Files\Microchip\xc8\v2.32\pic\sources\c99\common\abs.c estimated size: 26

C:\Program Files\Microchip\xc8\v2.32\pic\sources\c99\common\aomod.c
		___aomod       		CODE           	023D	0000	234

C:\Program Files\Microchip\xc8\v2.32\pic\sources\c99\common\aomod.c estimated size: 234

shared
		__initialization		CODE           	07E9	0000	20

shared estimated size: 20

mcc_generated_files/mcc.c
		_WDT_Initialize		CODE           	0005	0000	4
		_OSCILLATOR_Initialize		CODE           	0F98	0000	7
		_SYSTEM_Initialize		CODE           	0FB1	0000	13

mcc_generated_files/mcc.c estimated size: 24

C:\Program Files\Microchip\xc8\v2.32\pic\sources\c99\common\printf.c
		_printf        		CODE           	0FBE	0000	18

C:\Program Files\Microchip\xc8\v2.32\pic\sources\c99\common\printf.c estimated size: 18

C:\Program Files\Microchip\xc8\v2.32\pic\sources\c99\common\nf_fputc.c
		_fputc         		CODE           	00CA	0000	63

C:\Program Files\Microchip\xc8\v2.32\pic\sources\c99\common\nf_fputc.c estimated size: 63

mcc_generated_files/eusart.c
		_putch         		CODE           	0F86	0000	6
		_EUSART_Write  		CODE           	0FA7	0000	10
		_EUSART_Initialize		CODE           	0023	0000	34
		_EUSART_SetFramingErrorHandler		CODE           	0F7A	0000	6
		_EUSART_SetErrorHandler		CODE           	0F74	0000	6
		_EUSART_SetOverrunErrorHandler		CODE           	0F80	0000	6

mcc_generated_files/eusart.c estimated size: 68

C:\Program Files\Microchip\xc8\v2.32\pic\sources\c99\common\aodiv.c
		___aodiv       		CODE           	0327	0000	257

C:\Program Files\Microchip\xc8\v2.32\pic\sources\c99\common\aodiv.c estimated size: 257

main.c
		_main          		CODE           	006D	0000	44

main.c estimated size: 44

C:\Program Files\Microchip\xc8\v2.32\pic\sources\c99\common\strlen.c
		_strlen        		CODE           	0FE7	0000	25

C:\Program Files\Microchip\xc8\v2.32\pic\sources\c99\common\strlen.c estimated size: 25

